---
source: crates/rolldown_core/tests/common/mod.rs
expression: res.output_friendly_to_snapshot()
input_file: crates/rolldown_core/tests/esbuild/splitting/cross_chunk_assignment_dependencies_recursive
---
---------- a.js ----------
import { setX } from "./x.js";

// a.js
setX();
---------- b.js ----------
import { setZ } from "./z.js";

// b.js
setZ();
---------- c.js ----------
import { setX2 } from "./x.js";

import { setY2 } from "./y.js";

import { setZ2 } from "./z.js";

// c.js
setX2();
setY2();
setZ2();
---------- x.js ----------
// x.js
function setX(v) {}
function setX2(v) {}
export { setX, setX2 };
---------- y.js ----------
import { setX } from "./x.js";

// y.js
function setY(v) {}
function setY2(v) {
    setX(v);
}
export { setY, setY2 };
---------- z.js ----------
import { setY } from "./y.js";

// z.js
function setZ(v) {}
function setZ2(v) {
    setY(v);
}
export { setZ, setZ2 };
