---
source: crates/rolldown/tests/common/mod.rs
expression: compiled_fx.output_friendly_to_snapshot()
input_file: crates/rolldown/tests/esbuild/ts/ts_enum_export_clause
---
---------- main.js ----------
// enums.ts
var A;
(function(A$1) {
    A$1[A$1["A"] = 1] = "A";
})(A || (A = {}));
var B;
(function(B$1) {
    B$1[B$1["B"] = 2] = "B";
})(B || (B = {}));
var C;
(function(C$1) {
    C$1[C$1["C"] = 3] = "C";
})(C || (C = {}));
var D;
(function(D$1) {
    D$1[D$1["D"] = 4] = "D";
})(D || (D = {}));

// main.ts
console.log([
    A.A,
    B.B,
    C.C,
    D.D
]);
