---
source: crates/rolldown_core/tests/common/mod.rs
expression: res.output_friendly_to_snapshot()
input_file: crates/rolldown_core/tests/esbuild/import_star/other_file_import_export_self_as_namespace_unused_es6
---
---------- entry.js ----------
// foo.js
const foo = 123;
export { foo };
