---
source: crates/rolldown_core/tests/common/mod.rs
expression: res.output_friendly_to_snapshot()
input_file: crates/rolldown_core/tests/esbuild/splitting/re_export_issue273
---
---------- a.js ----------
// a.js
const a = 1;
export { a };
---------- b.js ----------
export { a } from "./a.js";
