---
source: crates/rolldown_core/tests/common/mod.rs
expression: compiled_fx.output_friendly_to_snapshot()
input_file: crates/rolldown_core/tests/esbuild/import_star/import_of_export_star
---
---------- main.js ----------
// bar.js
statement();
statement();
statement();
statement();
const bar = 123;

// main.js
console.log(bar);
