---
source: crates/rolldown_core/tests/common/mod.rs
expression: res.output_friendly_to_snapshot()
input_file: crates/rolldown_core/tests/fixtures/cyclic_self_re_export_star
---
---------- main.js ----------
// main.js
const foo = 1;
var star = Object.freeze({
    __proto__: null,
    get foo () {
        return foo;
    },
    get star () {
        return star;
    }
});
export { foo, star };
