---
source: crates/rolldown_core/tests/common/mod.rs
expression: res.output_friendly_to_snapshot()
input_file: crates/rolldown_core/tests/esbuild/import_star/export_self_es6
---
---------- entry.js ----------
// entry.js
const foo = 123;
export { foo };
