---
source: crates/rolldown_core/tests/common/mod.rs
expression: res.content_for_snapshot()
input_file: crates/rolldown_core/tests/fixtures/re_export_all_from_shared
---
---------- a.js ----------
// a.js
export { a, b } from "./shared.js";
---------- b.js ----------
// b.js
export { a, b } from "./shared.js";
---------- shared.js ----------
// shared.js
let a = 1;
let b = 2;
console.log('side effect');
export { a, b };
