---
source: crates/rolldown_core/tests/common/mod.rs
expression: compiled_fx.output_friendly_to_snapshot()
input_file: crates/rolldown_core/tests/esbuild/import_star/re_export_star_name_shadowing_not_ambiguous
---
---------- main.js ----------
// a.js
let x = 1;

// main.js
console.log(x);
