---
source: crates/rolldown_core/tests/common/mod.rs
expression: compiled_fx.output_friendly_to_snapshot()
input_file: crates/rolldown_core/tests/esbuild/import_star/import_star_of_export_star_as
---
---------- main.js ----------
// b.js
let x = 1;

// main.js
console.log(x);
