---
source: crates/rolldown/tests/common/mod.rs
expression: compiled_fx.output_friendly_to_snapshot()
input_file: crates/rolldown/tests/esbuild/ts/ts_import_equals_tree_shaking_false
---
---------- main.js ----------
import { foo } from "pkg";

// main.ts
var used = foo.used;
export { used };
