---
source: crates/rolldown_core/tests/common/mod.rs
expression: compiled_fx.output_friendly_to_snapshot()
input_file: crates/rolldown_core/tests/esbuild/import_star/import_default_namespace_combo_issue446
---
---------- main.js ----------
// main.js
let foo = 234;
console.log(foo);
