---
source: crates/rolldown_core/tests/common/mod.rs
expression: compiled_fx.output_friendly_to_snapshot()
input_file: crates/rolldown_core/tests/esbuild/import_star/re_export_star_name_collision_not_ambiguous_import
---
---------- main.js ----------
// c.js
let x = 1, y = 2;

// main.js
console.log(x, y);
