---
source: crates/rolldown_core/tests/common/mod.rs
expression: compiled_fx.output_friendly_to_snapshot()
input_file: crates/rolldown_core/tests/rollup/function/class-name-conflict
---
---------- main.js ----------
// expression1.js
let foo$3 = class {
    static name = "foo";
};
assert.strictEqual(foo$3.name, 'foo');

// declaration1.js
class foo$2 {
    static name = "foo";
}
assert.strictEqual(foo$2.name, 'foo');

// expression2.js
let foo$1 = class {
    static name = "foo";
};
assert.strictEqual(foo$1.name, 'foo');

// declaration2.js
class foo {
}
assert.strictEqual(foo.name, 'foo');
